// Jest Snapshot v1, https://goo.gl/fbAQLP

exports[`matches snapshot 1`] = `
<div
  className="root"
>
  <WithStyles(ForwardRef(Typography))
    className="headline"
    variant="h4"
  >
    Profile
  </WithStyles(ForwardRef(Typography))>
  <WithStyles(ForwardRef(Avatar))
    className="avatar"
    src="http://example.com/avatar.png"
  />
  <WithStyles(ForwardRef(Typography))
    variant="h6"
  >
    Dolph
  </WithStyles(ForwardRef(Typography))>
  <WithStyles(ForwardRef(Typography))>
    dolph@example.com
  </WithStyles(ForwardRef(Typography))>
  <Connect(withHandlers(LogoutButton))
    className="signOut"
    onLogout={[Function]}
  >
    Sign Out
  </Connect(withHandlers(LogoutButton))>
</div>
`;
