// Jest Snapshot v1, https://goo.gl/fbAQLP

exports[`matches snapshot 1`] = `
<img
  alt=""
  className="root"
  src="https://example.com/stock/logo.png"
  style={
    Object {
      "height": 40,
      "width": 40,
    }
  }
/>
`;

exports[`matches snapshot when loading 1`] = `<Progress />`;

exports[`matches snapshot when logo is null 1`] = `""`;
