// Jest Snapshot v1, https://goo.gl/fbAQLP

exports[`matches snapshot 1`] = `
<Fragment>
  <withState(withProps(Sorter))
    keys={
      Array [
        Object {
          "key": "companyName",
          "label": "Company Name",
        },
        Object {
          "key": "openDate",
          "label": "Open Date",
        },
        Object {
          "key": "closeDate",
          "label": "Close Date",
        },
        Object {
          "key": "closePL",
          "label": "PL",
        },
        Object {
          "key": "closePLPercent",
          "label": "PL%",
        },
        Object {
          "key": "closePLAnnualPercent",
          "label": "Annual PL%",
        },
      ]
    }
    onKeyChange={[Function]}
    onOrderChange={[Function]}
    sorterKey="companyName"
    sorterOrder="asc"
  />
  <WithStyles(ForwardRef(List))
    className="list"
    dense={true}
    disablePadding={true}
  />
</Fragment>
`;
