// Jest Snapshot v1, https://goo.gl/fbAQLP

exports[`matches snapshot 1`] = `
<Fragment>
  <h1>
    Profile
  </h1>
  <div>
    <img
      alt="Avatar"
      src="http://example.com/avatar.png"
    />
    <strong>
      Dolph
    </strong>
    <em>
      dolph@example.com
    </em>
  </div>
  <div>
    <withFirebase(withHandlers(LogoutButton))>
      Logout
    </withFirebase(withHandlers(LogoutButton))>
  </div>
</Fragment>
`;
