// Jest Snapshot v1, https://goo.gl/fbAQLP

exports[`matches snapshot 1`] = `
<Fragment>
  <div
    className="bar"
  >
    <WithStyles(Connect(lifecycle(mapProps(StockLogo))))
      className="logo"
      size={48}
      symbol="AAPL"
    />
    <WithStyles(ForwardRef(Typography))
      className="companyName"
    >
      Apple, Inc.
    </WithStyles(ForwardRef(Typography))>
    <WithStyles(ForwardRef(IconButton))
      onClick={[Function]}
    >
      <MonetizationOnOutlinedIcon />
    </WithStyles(ForwardRef(IconButton))>
    <WithStyles(ForwardRef(IconButton))
      onClick={[Function]}
    >
      <EditOutlinedIcon />
    </WithStyles(ForwardRef(IconButton))>
    <WithStyles(ForwardRef(IconButton))
      onClick={[Function]}
    >
      <DeleteOutlinedIcon />
    </WithStyles(ForwardRef(IconButton))>
  </div>
  <div
    className="root"
  >
    <WithStyles(ForwardRef(List))
      className="list"
      dense={true}
      disablePadding={true}
    >
      <WithStyles(ForwardRef(ListItem))>
        <WithStyles(ForwardRef(ListItemText))>
          Symbol
        </WithStyles(ForwardRef(ListItemText))>
        <WithStyles(ForwardRef(ListItemSecondaryAction))>
          AAPL
        </WithStyles(ForwardRef(ListItemSecondaryAction))>
      </WithStyles(ForwardRef(ListItem))>
      <WithStyles(ForwardRef(ListItem))>
        <WithStyles(ForwardRef(ListItemText))>
          Amount
        </WithStyles(ForwardRef(ListItemText))>
        <WithStyles(ForwardRef(ListItemSecondaryAction))>
          1
        </WithStyles(ForwardRef(ListItemSecondaryAction))>
      </WithStyles(ForwardRef(ListItem))>
      <WithStyles(ForwardRef(ListSubheader))
        disableSticky={true}
      >
        Open
      </WithStyles(ForwardRef(ListSubheader))>
      <WithStyles(ForwardRef(ListItem))>
        <WithStyles(ForwardRef(ListItemText))>
          Date
        </WithStyles(ForwardRef(ListItemText))>
        <WithStyles(ForwardRef(ListItemSecondaryAction))>
          <PositionDate
            date="2019-07-01"
          />
        </WithStyles(ForwardRef(ListItemSecondaryAction))>
      </WithStyles(ForwardRef(ListItem))>
      <WithStyles(ForwardRef(ListItem))>
        <WithStyles(ForwardRef(ListItemText))>
          Price
        </WithStyles(ForwardRef(ListItemText))>
        <WithStyles(ForwardRef(ListItemSecondaryAction))>
          <WithStyles(Money)
            value={100}
          />
        </WithStyles(ForwardRef(ListItemSecondaryAction))>
      </WithStyles(ForwardRef(ListItem))>
      <WithStyles(ForwardRef(ListItem))>
        <WithStyles(ForwardRef(ListItemText))>
          Commission
        </WithStyles(ForwardRef(ListItemText))>
        <WithStyles(ForwardRef(ListItemSecondaryAction))>
          <WithStyles(Money)
            value={1}
          />
        </WithStyles(ForwardRef(ListItemSecondaryAction))>
      </WithStyles(ForwardRef(ListItem))>
      <WithStyles(ForwardRef(ListItem))>
        <WithStyles(ForwardRef(ListItemText))>
          Sum
        </WithStyles(ForwardRef(ListItemText))>
        <WithStyles(ForwardRef(ListItemSecondaryAction))>
          <WithStyles(Money)
            value={101}
          />
        </WithStyles(ForwardRef(ListItemSecondaryAction))>
      </WithStyles(ForwardRef(ListItem))>
    </WithStyles(ForwardRef(List))>
  </div>
</Fragment>
`;

exports[`matches snapshot when loading 1`] = `
<Fragment>
  <div
    className="root"
  >
    <Progress />
  </div>
</Fragment>
`;
